// Jest Snapshot v1, https://jestjs.io/docs/snapshot-testing

exports[`ArticlesPage should serialize dates correctly 1`] = `
<div>
  <div
    class="px-4 sm:px-6 lg:px-8"
  >
    <div
      class="sm:flex sm:items-center"
    >
      <div
        class="sm:flex-auto"
      >
        <h1
          class="text-2xl font-semibold text-gray-900"
        >
          Articles
        </h1>
        <p
          class="mt-2 text-sm text-gray-700"
        >
          A collection of articles from our community.
        </p>
      </div>
      <div
        class="mt-4 sm:mt-0 sm:ml-16 sm:flex-none"
      >
        <a
          class="inline-flex items-center justify-center rounded-md border border-transparent bg-blue-600 px-4 py-2 text-sm font-medium text-white shadow-sm hover:bg-blue-700 focus:outline-none focus:ring-2 focus:ring-blue-500 focus:ring-offset-2 sm:w-auto"
          href="/articles/new"
        >
          Write Article
        </a>
      </div>
    </div>
    <div
      data-testid="article-list"
    >
      <div
        data-testid="article-1"
      >
        Test Article
      </div>
    </div>
  </div>
</div>
`;
